C51 COMPILER V9.60.0.0   LCDMAIN                                                           06/25/2020 20:21:29 PAGE 1   


C51 COMPILER V9.60.0.0, COMPILATION OF MODULE LCDMAIN
OBJECT MODULE PLACED IN .\Objects\lcdmain.obj
COMPILER INVOKED BY: C:\Keil_v5\C51\BIN\C51.EXE lcdmain.c OMF2 OPTIMIZE(8,SPEED) BROWSE DEBUG PRINT(.\Listings\lcdmain.l
                    -st) TABS(2) OBJECT(.\Objects\lcdmain.obj)

line level    source

   1          #include <reg51.h>
   2          #include "lcd.h"
   3          
   4          unsigned char custom_char[]= {0x00,0x04,0x0E,0x04,0x15,0x0E,0x04,0x00, 
   5                                  0x00,0x04,0x0E,0x0E,0x0E,0x1F,0x04,0x00, 
   6                                  0x00,0x0A,0x15,0x11,0x11,0x0A,0x04,0x00,
   7                                  0x0E,0x11,0x11,0x1F,0x1B,0x1B,0x1B,0x1F,
   8                                  0x0E,0x11,0x10,0x1F,0x1B,0x1B,0x1B,0x1F,
   9                                  0x00,0x0E,0x15,0x1B,0x0E,0x0E,0x00,0x00,
  10                                  };
  11          
  12          
  13          void delay_ms(int ms)
  14          {
  15   1        int i,j;
  16   1        for(i=0;i<=ms;i++)
  17   1        for(j=0;j<=1275;j++);
  18   1      }
  19          
  20          void lcd_init(void)
  21          {
  22   1        lcd_cmd(0x38); // initialize lcd to 16*2 with 5*7 pixel
  23   1        lcd_cmd(0x0c); //Display on Cursor off
  24   1        lcd_cmd(0x01); //Clear Display (also clear DDRAM content)
  25   1        lcd_cmd(0x80); //Set DDRAM address or coursor position on display
  26   1      }
  27          
  28          void lcd_cmd(char ch)
  29          {
  30   1        LCD = ch;
  31   1        rs=0;
  32   1        en=1;
  33   1        delay_ms(1);
  34   1        en=0;
  35   1      }
  36          
  37          void lcd_display(char ch)
  38          {
  39   1        LCD = ch;
  40   1        rs=1;
  41   1        en=1;
  42   1        delay_ms(1);
  43   1        en=0;
  44   1      }
  45          
  46          void lcd_string (char *ptr)
  47          {
  48   1        while(*ptr)
  49   1        {
  50   2          lcd_display(*ptr++);
  51   2        }
  52   1      }
  53          
  54          void lcd_custom(void)
C51 COMPILER V9.60.0.0   LCDMAIN                                                           06/25/2020 20:21:29 PAGE 2   

  55          {
  56   1        int i;
  57   1        lcd_cmd(0x40);
  58   1        for(i=0;i<48;i++)
  59   1        lcd_display(custom_char[i]);
  60   1        lcd_cmd(0x80);
  61   1      }
  62          


MODULE INFORMATION:   STATIC OVERLAYABLE
   CODE SIZE        =    154    ----
   CONSTANT SIZE    =   ----    ----
   XDATA SIZE       =   ----    ----
   PDATA SIZE       =   ----    ----
   DATA SIZE        =     48       3
   IDATA SIZE       =   ----    ----
   BIT SIZE         =   ----    ----
   EDATA SIZE       =   ----    ----
   HDATA SIZE       =   ----    ----
   XDATA CONST SIZE =   ----    ----
   FAR CONST SIZE   =   ----    ----
END OF MODULE INFORMATION.


C51 COMPILATION COMPLETE.  0 WARNING(S),  0 ERROR(S)
